[INFO] Scanning for projects...
[INFO] 
[INFO] --------------------< com.accenture.intern:DocMind >--------------------
[INFO] Building DocMind 0.0.1-SNAPSHOT
[INFO]   from pom.xml
[INFO] --------------------------------[ jar ]---------------------------------
[INFO] 
[INFO] --- resources:3.3.1:resources (default-resources) @ DocMind ---
[INFO] Copying 1 resource from src\main\resources to target\classes
[INFO] Copying 11 resources from src\main\resources to target\classes
[INFO] 
[INFO] --- compiler:3.14.0:compile (default-compile) @ DocMind ---
[INFO] Recompiling the module because of changed source code.
[INFO] Compiling 91 source files with javac [debug parameters release 21] to target\classes
[INFO] Annotation processing is enabled because one or more processors were found
  on the class path. A future release of javac may disable annotation processing
  unless at least one processor is specified by name (-processor), or a search
  path is specified (--processor-path, --processor-module-path), or annotation
  processing is enabled explicitly (-proc:only, -proc:full).
  Use -Xlint:-options to suppress this message.
  Use -proc:none to disable annotation processing.
[INFO] /C:/Users/bunny/Downloads/hitesh/backend/src/main/java/com/accenture/intern/docmind/aiservices/MessagesPineconeVectorStore.java: Some input files use unchecked or unsafe operations.
[INFO] /C:/Users/bunny/Downloads/hitesh/backend/src/main/java/com/accenture/intern/docmind/aiservices/MessagesPineconeVectorStore.java: Recompile with -Xlint:unchecked for details.
[INFO] -------------------------------------------------------------
[ERROR] COMPILATION ERROR : 
[INFO] -------------------------------------------------------------
[ERROR] /C:/Users/bunny/Downloads/hitesh/backend/src/main/java/com/accenture/intern/docmind/aiservices/RoutingService.java:[65,34] variable chatClient is already defined in class com.accenture.intern.docmind.aiservices.RoutingService
[ERROR] /C:/Users/bunny/Downloads/hitesh/backend/src/main/java/com/accenture/intern/docmind/aiservices/ChatService.java:[74,108] cannot find symbol
  symbol:   method getMessage()
  location: variable request of type com.accenture.intern.docmind.dto.chat.ChatRequest
[ERROR] /C:/Users/bunny/Downloads/hitesh/backend/src/main/java/com/accenture/intern/docmind/aiservices/ChatService.java:[78,21] cannot find symbol
  symbol:   variable log
  location: class com.accenture.intern.docmind.aiservices.ChatService
[ERROR] /C:/Users/bunny/Downloads/hitesh/backend/src/main/java/com/accenture/intern/docmind/aiservices/ChatService.java:[88,25] cannot find symbol
  symbol:   variable log
  location: class com.accenture.intern.docmind.aiservices.ChatService
[ERROR] /C:/Users/bunny/Downloads/hitesh/backend/src/main/java/com/accenture/intern/docmind/aiservices/ChatService.java:[93,59] cannot find symbol
  symbol:   method builder()
  location: class com.accenture.intern.docmind.entity.Message
[ERROR] /C:/Users/bunny/Downloads/hitesh/backend/src/main/java/com/accenture/intern/docmind/aiservices/ChatService.java:[96,53] cannot find symbol
  symbol:   method getMessage()
  location: variable request of type com.accenture.intern.docmind.dto.chat.ChatRequest
[ERROR] /C:/Users/bunny/Downloads/hitesh/backend/src/main/java/com/accenture/intern/docmind/aiservices/ChatService.java:[101,34] incompatible types: reactor.core.publisher.Mono<java.lang.Object> cannot be converted to reactor.core.publisher.Mono<com.accenture.intern.docmind.entity.Message>
[ERROR] /C:/Users/bunny/Downloads/hitesh/backend/src/main/java/com/accenture/intern/docmind/aiservices/ChatService.java:[106,125] cannot find symbol
  symbol:   method getUser()
  location: variable session of type com.accenture.intern.docmind.entity.Session
[ERROR] /C:/Users/bunny/Downloads/hitesh/backend/src/main/java/com/accenture/intern/docmind/aiservices/ChatService.java:[106,144] cannot find symbol
  symbol:   method getModel()
  location: variable request of type com.accenture.intern.docmind.dto.chat.ChatRequest
[ERROR] /C:/Users/bunny/Downloads/hitesh/backend/src/main/java/com/accenture/intern/docmind/aiservices/ChatService.java:[107,88] cannot find symbol
  symbol:   method getUser()
  location: variable session of type com.accenture.intern.docmind.entity.Session
[ERROR] /C:/Users/bunny/Downloads/hitesh/backend/src/main/java/com/accenture/intern/docmind/aiservices/ChatService.java:[111,36] cannot find symbol
  symbol:   variable log
  location: class com.accenture.intern.docmind.aiservices.ChatService
[ERROR] /C:/Users/bunny/Downloads/hitesh/backend/src/main/java/com/accenture/intern/docmind/aiservices/ChatService.java:[124,37] cannot find symbol
  symbol:   variable log
  location: class com.accenture.intern.docmind.aiservices.ChatService
[ERROR] /C:/Users/bunny/Downloads/hitesh/backend/src/main/java/com/accenture/intern/docmind/aiservices/ChatService.java:[129,33] cannot find symbol
  symbol:   variable log
  location: class com.accenture.intern.docmind.aiservices.ChatService
[ERROR] /C:/Users/bunny/Downloads/hitesh/backend/src/main/java/com/accenture/intern/docmind/aiservices/ChatService.java:[130,110] cannot find symbol
  symbol:   method builder()
  location: class com.accenture.intern.docmind.entity.Message
[ERROR] /C:/Users/bunny/Downloads/hitesh/backend/src/main/java/com/accenture/intern/docmind/aiservices/ChatService.java:[142,110] cannot find symbol
  symbol:   method getMessage()
  location: variable request of type com.accenture.intern.docmind.dto.chat.ChatRequest
[ERROR] /C:/Users/bunny/Downloads/hitesh/backend/src/main/java/com/accenture/intern/docmind/aiservices/ChatService.java:[147,53] cannot find symbol
  symbol:   variable log
  location: class com.accenture.intern.docmind.aiservices.ChatService
[ERROR] /C:/Users/bunny/Downloads/hitesh/backend/src/main/java/com/accenture/intern/docmind/aiservices/ChatService.java:[148,92] cannot find symbol
  symbol:   method getMessage()
  location: variable request of type com.accenture.intern.docmind.dto.chat.ChatRequest
[ERROR] /C:/Users/bunny/Downloads/hitesh/backend/src/main/java/com/accenture/intern/docmind/aiservices/ChatService.java:[151,93] cannot find symbol
  symbol:   method getMessageId()
  location: variable saved of type java.lang.Object
[ERROR] /C:/Users/bunny/Downloads/hitesh/backend/src/main/java/com/accenture/intern/docmind/aiservices/ChatService.java:[156,53] cannot find symbol
  symbol:   variable log
  location: class com.accenture.intern.docmind.aiservices.ChatService
[ERROR] /C:/Users/bunny/Downloads/hitesh/backend/src/main/java/com/accenture/intern/docmind/aiservices/ChatService.java:[160,60] cannot find symbol
  symbol:   variable log
  location: class com.accenture.intern.docmind.aiservices.ChatService
[ERROR] /C:/Users/bunny/Downloads/hitesh/backend/src/main/java/com/accenture/intern/docmind/aiservices/ChatService.java:[166,33] cannot find symbol
  symbol:   variable log
  location: class com.accenture.intern.docmind.aiservices.ChatService
[ERROR] /C:/Users/bunny/Downloads/hitesh/backend/src/main/java/com/accenture/intern/docmind/aiservices/ChatService.java:[167,110] cannot find symbol
  symbol:   method builder()
  location: class com.accenture.intern.docmind.entity.Message
[ERROR] /C:/Users/bunny/Downloads/hitesh/backend/src/main/java/com/accenture/intern/docmind/aiservices/ChatService.java:[192,21] cannot find symbol
  symbol:   variable log
  location: class com.accenture.intern.docmind.aiservices.ChatService
[ERROR] /C:/Users/bunny/Downloads/hitesh/backend/src/main/java/com/accenture/intern/docmind/aiservices/ContextBuilderService.java:[90,21] cannot find symbol
  symbol:   variable log
  location: class com.accenture.intern.docmind.aiservices.ContextBuilderService
[ERROR] /C:/Users/bunny/Downloads/hitesh/backend/src/main/java/com/accenture/intern/docmind/aiservices/ContextBuilderService.java:[113,21] cannot find symbol
  symbol:   variable log
  location: class com.accenture.intern.docmind.aiservices.ContextBuilderService
[ERROR] /C:/Users/bunny/Downloads/hitesh/backend/src/main/java/com/accenture/intern/docmind/aiservices/ContextBuilderService.java:[130,25] cannot find symbol
  symbol:   variable log
  location: class com.accenture.intern.docmind.aiservices.ContextBuilderService
[ERROR] /C:/Users/bunny/Downloads/hitesh/backend/src/main/java/com/accenture/intern/docmind/aiservices/ContextBuilderService.java:[137,25] cannot find symbol
  symbol:   variable log
  location: class com.accenture.intern.docmind.aiservices.ContextBuilderService
[ERROR] /C:/Users/bunny/Downloads/hitesh/backend/src/main/java/com/accenture/intern/docmind/aiservices/ContextBuilderService.java:[147,21] cannot find symbol
  symbol:   variable log
  location: class com.accenture.intern.docmind.aiservices.ContextBuilderService
[ERROR] /C:/Users/bunny/Downloads/hitesh/backend/src/main/java/com/accenture/intern/docmind/aiservices/ContextBuilderService.java:[149,21] cannot find symbol
  symbol:   variable log
  location: class com.accenture.intern.docmind.aiservices.ContextBuilderService
[ERROR] /C:/Users/bunny/Downloads/hitesh/backend/src/main/java/com/accenture/intern/docmind/aiservices/ContextBuilderService.java:[164,30] cannot find symbol
  symbol:   method getRole()
  location: variable m of type com.accenture.intern.docmind.entity.Message
[ERROR] /C:/Users/bunny/Downloads/hitesh/backend/src/main/java/com/accenture/intern/docmind/aiservices/ContextBuilderService.java:[164,70] cannot find symbol
  symbol:   method getMessageId()
  location: variable m of type com.accenture.intern.docmind.entity.Message
[ERROR] /C:/Users/bunny/Downloads/hitesh/backend/src/main/java/com/accenture/intern/docmind/aiservices/ContextBuilderService.java:[165,53] cannot find symbol
  symbol:   method getMessageId()
  location: variable m of type com.accenture.intern.docmind.entity.Message
[ERROR] /C:/Users/bunny/Downloads/hitesh/backend/src/main/java/com/accenture/intern/docmind/aiservices/ContextBuilderService.java:[180,29] cannot find symbol
  symbol:   variable log
  location: class com.accenture.intern.docmind.aiservices.ContextBuilderService
[ERROR] /C:/Users/bunny/Downloads/hitesh/backend/src/main/java/com/accenture/intern/docmind/aiservices/ContextBuilderService.java:[227,40] cannot find symbol
  symbol:   method getRole()
  location: variable m of type com.accenture.intern.docmind.entity.Message
[ERROR] /C:/Users/bunny/Downloads/hitesh/backend/src/main/java/com/accenture/intern/docmind/aiservices/ContextBuilderService.java:[228,43] cannot find symbol
  symbol:   method getContent()
  location: variable m of type com.accenture.intern.docmind.entity.Message
[ERROR] /C:/Users/bunny/Downloads/hitesh/backend/src/main/java/com/accenture/intern/docmind/aiservices/ContextBuilderService.java:[228,73] cannot find symbol
  symbol:   method getContent()
  location: variable m of type com.accenture.intern.docmind.entity.Message
[ERROR] /C:/Users/bunny/Downloads/hitesh/backend/src/main/java/com/accenture/intern/docmind/aiservices/ContextBuilderService.java:[236,21] cannot find symbol
  symbol:   variable log
  location: class com.accenture.intern.docmind.aiservices.ContextBuilderService
[ERROR] /C:/Users/bunny/Downloads/hitesh/backend/src/main/java/com/accenture/intern/docmind/aiservices/ContextBuilderService.java:[243,21] cannot find symbol
  symbol:   variable log
  location: class com.accenture.intern.docmind.aiservices.ContextBuilderService
[ERROR] /C:/Users/bunny/Downloads/hitesh/backend/src/main/java/com/accenture/intern/docmind/aiservices/ModelFactory.java:[28,41] cannot find symbol
  symbol:   method getModelName()
  location: variable pref of type com.accenture.intern.docmind.entity.UserPreference
[ERROR] /C:/Users/bunny/Downloads/hitesh/backend/src/main/java/com/accenture/intern/docmind/aiservices/ModelFactory.java:[29,42] cannot find symbol
  symbol:   method getModelName()
  location: variable pref of type com.accenture.intern.docmind.entity.UserPreference
[ERROR] /C:/Users/bunny/Downloads/hitesh/backend/src/main/java/com/accenture/intern/docmind/aiservices/ModelFactory.java:[32,40] cannot find symbol
  symbol:   method getModelName()
  location: variable pref of type com.accenture.intern.docmind.entity.UserPreference
[ERROR] /C:/Users/bunny/Downloads/hitesh/backend/src/main/java/com/accenture/intern/docmind/aiservices/ModelFactory.java:[33,34] cannot find symbol
  symbol:   method getModelName()
  location: variable pref of type com.accenture.intern.docmind.entity.UserPreference
[ERROR] /C:/Users/bunny/Downloads/hitesh/backend/src/main/java/com/accenture/intern/docmind/aiservices/ModelFactory.java:[36,33] cannot find symbol
  symbol:   method getTemperature()
  location: variable pref of type com.accenture.intern.docmind.entity.UserPreference
[ERROR] /C:/Users/bunny/Downloads/hitesh/backend/src/main/java/com/accenture/intern/docmind/aiservices/ModelFactory.java:[37,40] cannot find symbol
  symbol:   method getTemperature()
  location: variable pref of type com.accenture.intern.docmind.entity.UserPreference
[ERROR] /C:/Users/bunny/Downloads/hitesh/backend/src/main/java/com/accenture/intern/docmind/aiservices/ModelFactory.java:[47,33] cannot find symbol
  symbol:   method getResponseStyle()
  location: variable pref of type com.accenture.intern.docmind.entity.UserPreference
[ERROR] /C:/Users/bunny/Downloads/hitesh/backend/src/main/java/com/accenture/intern/docmind/aiservices/ModelFactory.java:[48,51] cannot find symbol
  symbol:   method getResponseStyle()
  location: variable pref of type com.accenture.intern.docmind.entity.UserPreference
[ERROR] /C:/Users/bunny/Downloads/hitesh/backend/src/main/java/com/accenture/intern/docmind/aiservices/SuggestedQuestionsService.java:[140,29] cannot find symbol
  symbol:   variable log
  location: class com.accenture.intern.docmind.aiservices.SuggestedQuestionsService
[ERROR] /C:/Users/bunny/Downloads/hitesh/backend/src/main/java/com/accenture/intern/docmind/aiservices/SuggestedQuestionsService.java:[189,28] cannot find symbol
  symbol:   method getRole()
  location: variable m of type com.accenture.intern.docmind.entity.Message
[ERROR] /C:/Users/bunny/Downloads/hitesh/backend/src/main/java/com/accenture/intern/docmind/aiservices/SuggestedQuestionsService.java:[190,28] cannot find symbol
  symbol:   method getContent()
  location: variable m of type com.accenture.intern.docmind.entity.Message
[ERROR] /C:/Users/bunny/Downloads/hitesh/backend/src/main/java/com/accenture/intern/docmind/aiservices/SuggestedQuestionsService.java:[190,58] cannot find symbol
  symbol:   method getContent()
  location: variable m of type com.accenture.intern.docmind.entity.Message
[ERROR] /C:/Users/bunny/Downloads/hitesh/backend/src/main/java/com/accenture/intern/docmind/aiservices/SuggestedQuestionsService.java:[221,33] cannot find symbol
  symbol:   variable log
  location: class com.accenture.intern.docmind.aiservices.SuggestedQuestionsService
[ERROR] /C:/Users/bunny/Downloads/hitesh/backend/src/main/java/com/accenture/intern/docmind/aiservices/SuggestedQuestionsService.java:[223,21] cannot find symbol
  symbol:   variable log
  location: class com.accenture.intern.docmind.aiservices.SuggestedQuestionsService
[ERROR] /C:/Users/bunny/Downloads/hitesh/backend/src/main/java/com/accenture/intern/docmind/aiservices/MemoryGatingService.java:[35,13] cannot find symbol
  symbol:   variable log
  location: class com.accenture.intern.docmind.aiservices.MemoryGatingService
[ERROR] /C:/Users/bunny/Downloads/hitesh/backend/src/main/java/com/accenture/intern/docmind/aiservices/MemoryGatingService.java:[39,13] cannot find symbol
  symbol:   variable log
  location: class com.accenture.intern.docmind.aiservices.MemoryGatingService
[ERROR] /C:/Users/bunny/Downloads/hitesh/backend/src/main/java/com/accenture/intern/docmind/aiservices/HybridRetrievalService.java:[154,21] cannot find symbol
  symbol:   variable log
  location: class com.accenture.intern.docmind.aiservices.HybridRetrievalService
[ERROR] /C:/Users/bunny/Downloads/hitesh/backend/src/main/java/com/accenture/intern/docmind/aiservices/HybridRetrievalService.java:[161,37] cannot find symbol
  symbol:   variable log
  location: class com.accenture.intern.docmind.aiservices.HybridRetrievalService
[ERROR] /C:/Users/bunny/Downloads/hitesh/backend/src/main/java/com/accenture/intern/docmind/aiservices/HybridRetrievalService.java:[231,25] cannot find symbol
  symbol:   variable log
  location: class com.accenture.intern.docmind.aiservices.HybridRetrievalService
[ERROR] /C:/Users/bunny/Downloads/hitesh/backend/src/main/java/com/accenture/intern/docmind/aiservices/HybridRetrievalService.java:[236,25] cannot find symbol
  symbol:   variable log
  location: class com.accenture.intern.docmind.aiservices.HybridRetrievalService
[ERROR] /C:/Users/bunny/Downloads/hitesh/backend/src/main/java/com/accenture/intern/docmind/aiservices/HybridRetrievalService.java:[273,21] cannot find symbol
  symbol:   variable log
  location: class com.accenture.intern.docmind.aiservices.HybridRetrievalService
[ERROR] /C:/Users/bunny/Downloads/hitesh/backend/src/main/java/com/accenture/intern/docmind/aiservices/HybridRetrievalService.java:[280,35] cannot find symbol
  symbol:   variable log
  location: class com.accenture.intern.docmind.aiservices.HybridRetrievalService
[ERROR] /C:/Users/bunny/Downloads/hitesh/backend/src/main/java/com/accenture/intern/docmind/aiservices/HybridRetrievalService.java:[283,35] cannot find symbol
  symbol:   variable log
  location: class com.accenture.intern.docmind.aiservices.HybridRetrievalService
[ERROR] /C:/Users/bunny/Downloads/hitesh/backend/src/main/java/com/accenture/intern/docmind/aiservices/HybridRetrievalService.java:[293,21] cannot find symbol
  symbol:   variable log
  location: class com.accenture.intern.docmind.aiservices.HybridRetrievalService
[ERROR] /C:/Users/bunny/Downloads/hitesh/backend/src/main/java/com/accenture/intern/docmind/aiservices/HybridRetrievalService.java:[302,13] cannot find symbol
  symbol:   variable log
  location: class com.accenture.intern.docmind.aiservices.HybridRetrievalService
[ERROR] /C:/Users/bunny/Downloads/hitesh/backend/src/main/java/com/accenture/intern/docmind/aiservices/HybridRetrievalService.java:[312,21] cannot find symbol
  symbol:   variable log
  location: class com.accenture.intern.docmind.aiservices.HybridRetrievalService
[ERROR] /C:/Users/bunny/Downloads/hitesh/backend/src/main/java/com/accenture/intern/docmind/aiservices/HybridRetrievalService.java:[319,41] cannot find symbol
  symbol:   method getSourceName()
  location: variable chunk of type com.accenture.intern.docmind.entity.DocumentChunk
[ERROR] /C:/Users/bunny/Downloads/hitesh/backend/src/main/java/com/accenture/intern/docmind/aiservices/HybridRetrievalService.java:[320,41] cannot find symbol
  symbol:   method getSourceType()
  location: variable chunk of type com.accenture.intern.docmind.entity.DocumentChunk
[ERROR] /C:/Users/bunny/Downloads/hitesh/backend/src/main/java/com/accenture/intern/docmind/aiservices/HybridRetrievalService.java:[321,41] cannot find symbol
  symbol:   method getChunkIndex()
  location: variable chunk of type com.accenture.intern.docmind.entity.DocumentChunk
[ERROR] /C:/Users/bunny/Downloads/hitesh/backend/src/main/java/com/accenture/intern/docmind/aiservices/HybridRetrievalService.java:[321,77] cannot find symbol
  symbol:   method getChunkIndex()
  location: variable chunk of type com.accenture.intern.docmind.entity.DocumentChunk
[ERROR] /C:/Users/bunny/Downloads/hitesh/backend/src/main/java/com/accenture/intern/docmind/aiservices/HybridRetrievalService.java:[322,40] cannot find symbol
  symbol:   method getSessionId()
  location: variable chunk of type com.accenture.intern.docmind.entity.DocumentChunk
[ERROR] /C:/Users/bunny/Downloads/hitesh/backend/src/main/java/com/accenture/intern/docmind/aiservices/HybridRetrievalService.java:[324,18] cannot find symbol
  symbol:   method getImageUrl()
  location: variable chunk of type com.accenture.intern.docmind.entity.DocumentChunk
[ERROR] /C:/Users/bunny/Downloads/hitesh/backend/src/main/java/com/accenture/intern/docmind/aiservices/HybridRetrievalService.java:[324,50] cannot find symbol
  symbol:   method getImageUrl()
  location: variable chunk of type com.accenture.intern.docmind.entity.DocumentChunk
[ERROR] /C:/Users/bunny/Downloads/hitesh/backend/src/main/java/com/accenture/intern/docmind/aiservices/HybridRetrievalService.java:[325,43] cannot find symbol
  symbol:   method getImageUrl()
  location: variable chunk of type com.accenture.intern.docmind.entity.DocumentChunk
[ERROR] /C:/Users/bunny/Downloads/hitesh/backend/src/main/java/com/accenture/intern/docmind/aiservices/HybridRetrievalService.java:[328,34] cannot find symbol
  symbol:   method getVectorId()
  location: variable chunk of type com.accenture.intern.docmind.entity.DocumentChunk
[ERROR] /C:/Users/bunny/Downloads/hitesh/backend/src/main/java/com/accenture/intern/docmind/aiservices/HybridRetrievalService.java:[328,55] cannot find symbol
  symbol:   method getContent()
  location: variable chunk of type com.accenture.intern.docmind.entity.DocumentChunk
[ERROR] /C:/Users/bunny/Downloads/hitesh/backend/src/main/java/com/accenture/intern/docmind/aiservices/RerankService.java:[65,13] cannot find symbol
  symbol:   variable log
  location: class com.accenture.intern.docmind.aiservices.RerankService
[ERROR] /C:/Users/bunny/Downloads/hitesh/backend/src/main/java/com/accenture/intern/docmind/aiservices/RerankService.java:[89,13] cannot find symbol
  symbol:   variable log
  location: class com.accenture.intern.docmind.aiservices.RerankService
[ERROR] /C:/Users/bunny/Downloads/hitesh/backend/src/main/java/com/accenture/intern/docmind/aiservices/RerankService.java:[91,13] cannot find symbol
  symbol:   variable log
  location: class com.accenture.intern.docmind.aiservices.RerankService
[ERROR] /C:/Users/bunny/Downloads/hitesh/backend/src/main/java/com/accenture/intern/docmind/aiservices/RerankService.java:[105,13] cannot find symbol
  symbol:   variable log
  location: class com.accenture.intern.docmind.aiservices.RerankService
[ERROR] /C:/Users/bunny/Downloads/hitesh/backend/src/main/java/com/accenture/intern/docmind/aiservices/RerankService.java:[194,13] cannot find symbol
  symbol:   variable log
  location: class com.accenture.intern.docmind.aiservices.RerankService
[ERROR] /C:/Users/bunny/Downloads/hitesh/backend/src/main/java/com/accenture/intern/docmind/aiservices/RerankService.java:[196,17] cannot find symbol
  symbol:   variable log
  location: class com.accenture.intern.docmind.aiservices.RerankService
[ERROR] /C:/Users/bunny/Downloads/hitesh/backend/src/main/java/com/accenture/intern/docmind/aiservices/RerankService.java:[215,17] cannot find symbol
  symbol:   variable log
  location: class com.accenture.intern.docmind.aiservices.RerankService
[ERROR] /C:/Users/bunny/Downloads/hitesh/backend/src/main/java/com/accenture/intern/docmind/aiservices/RerankService.java:[225,13] cannot find symbol
  symbol:   variable log
  location: class com.accenture.intern.docmind.aiservices.RerankService
[ERROR] /C:/Users/bunny/Downloads/hitesh/backend/src/main/java/com/accenture/intern/docmind/aiservices/RerankService.java:[230,13] cannot find symbol
  symbol:   variable log
  location: class com.accenture.intern.docmind.aiservices.RerankService
[ERROR] /C:/Users/bunny/Downloads/hitesh/backend/src/main/java/com/accenture/intern/docmind/aiservices/RoutingService.java:[78,25] cannot find symbol
  symbol:   variable log
  location: class com.accenture.intern.docmind.aiservices.RoutingService
[ERROR] /C:/Users/bunny/Downloads/hitesh/backend/src/main/java/com/accenture/intern/docmind/aiservices/RoutingService.java:[86,25] cannot find symbol
  symbol:   variable log
  location: class com.accenture.intern.docmind.aiservices.RoutingService
[ERROR] /C:/Users/bunny/Downloads/hitesh/backend/src/main/java/com/accenture/intern/docmind/aiservices/RoutingService.java:[93,25] cannot find symbol
  symbol:   variable log
  location: class com.accenture.intern.docmind.aiservices.RoutingService
[ERROR] /C:/Users/bunny/Downloads/hitesh/backend/src/main/java/com/accenture/intern/docmind/aiservices/RoutingService.java:[99,55] cannot find symbol
  symbol:   variable log
  location: class com.accenture.intern.docmind.aiservices.RoutingService
[ERROR] /C:/Users/bunny/Downloads/hitesh/backend/src/main/java/com/accenture/intern/docmind/aiservices/RoutingService.java:[285,42] cannot find symbol
  symbol:   variable log
  location: class com.accenture.intern.docmind.aiservices.RoutingService
[ERROR] /C:/Users/bunny/Downloads/hitesh/backend/src/main/java/com/accenture/intern/docmind/aiservices/RoutingService.java:[305,33] cannot find symbol
  symbol:   variable log
  location: class com.accenture.intern.docmind.aiservices.RoutingService
[ERROR] /C:/Users/bunny/Downloads/hitesh/backend/src/main/java/com/accenture/intern/docmind/aiservices/RoutingService.java:[334,25] cannot find symbol
  symbol:   variable log
  location: class com.accenture.intern.docmind.aiservices.RoutingService
[ERROR] /C:/Users/bunny/Downloads/hitesh/backend/src/main/java/com/accenture/intern/docmind/aiservices/RoutingService.java:[342,25] cannot find symbol
  symbol:   variable log
  location: class com.accenture.intern.docmind.aiservices.RoutingService
[ERROR] /C:/Users/bunny/Downloads/hitesh/backend/src/main/java/com/accenture/intern/docmind/aiservices/RoutingService.java:[352,25] cannot find symbol
  symbol:   variable log
  location: class com.accenture.intern.docmind.aiservices.RoutingService
[ERROR] /C:/Users/bunny/Downloads/hitesh/backend/src/main/java/com/accenture/intern/docmind/aiservices/RoutingService.java:[360,17] cannot find symbol
  symbol:   variable log
  location: class com.accenture.intern.docmind.aiservices.RoutingService
[ERROR] /C:/Users/bunny/Downloads/hitesh/backend/src/main/java/com/accenture/intern/docmind/aiservices/RetrievalOrchestrator.java:[133,9] cannot find symbol
  symbol:   variable log
  location: class com.accenture.intern.docmind.aiservices.RetrievalOrchestrator
[ERROR] /C:/Users/bunny/Downloads/hitesh/backend/src/main/java/com/accenture/intern/docmind/aiservices/RetrievalOrchestrator.java:[171,13] cannot find symbol
  symbol:   variable log
  location: class com.accenture.intern.docmind.aiservices.RetrievalOrchestrator
[ERROR] /C:/Users/bunny/Downloads/hitesh/backend/src/main/java/com/accenture/intern/docmind/aiservices/RetrievalOrchestrator.java:[176,9] cannot find symbol
  symbol:   variable log
  location: class com.accenture.intern.docmind.aiservices.RetrievalOrchestrator
[ERROR] /C:/Users/bunny/Downloads/hitesh/backend/src/main/java/com/accenture/intern/docmind/aiservices/RetrievalOrchestrator.java:[202,29] cannot find symbol
  symbol:   variable log
  location: class com.accenture.intern.docmind.aiservices.RetrievalOrchestrator
[ERROR] /C:/Users/bunny/Downloads/hitesh/backend/src/main/java/com/accenture/intern/docmind/aiservices/RetrievalOrchestrator.java:[206,29] cannot find symbol
  symbol:   variable log
  location: class com.accenture.intern.docmind.aiservices.RetrievalOrchestrator
[ERROR] /C:/Users/bunny/Downloads/hitesh/backend/src/main/java/com/accenture/intern/docmind/aiservices/RetrievalOrchestrator.java:[223,41] cannot find symbol
  symbol:   variable log
  location: class com.accenture.intern.docmind.aiservices.RetrievalOrchestrator
[ERROR] /C:/Users/bunny/Downloads/hitesh/backend/src/main/java/com/accenture/intern/docmind/aiservices/RetrievalOrchestrator.java:[266,21] cannot find symbol
  symbol:   variable log
  location: class com.accenture.intern.docmind.aiservices.RetrievalOrchestrator
[INFO] 100 errors 
[INFO] -------------------------------------------------------------
[INFO] ------------------------------------------------------------------------
[INFO] BUILD FAILURE
[INFO] ------------------------------------------------------------------------
[INFO] Total time:  8.810 s
[INFO] Finished at: 2026-06-25T11:38:09+05:30
[INFO] ------------------------------------------------------------------------
[ERROR] Failed to execute goal org.apache.maven.plugins:maven-compiler-plugin:3.14.0:compile (default-compile) on project DocMind: Compilation failure: Compilation failure: 
[ERROR] /C:/Users/bunny/Downloads/hitesh/backend/src/main/java/com/accenture/intern/docmind/aiservices/RoutingService.java:[65,34] variable chatClient is already defined in class com.accenture.intern.docmind.aiservices.RoutingService
[ERROR] /C:/Users/bunny/Downloads/hitesh/backend/src/main/java/com/accenture/intern/docmind/aiservices/ChatService.java:[74,108] cannot find symbol
[ERROR]   symbol:   method getMessage()
[ERROR]   location: variable request of type com.accenture.intern.docmind.dto.chat.ChatRequest
[ERROR] /C:/Users/bunny/Downloads/hitesh/backend/src/main/java/com/accenture/intern/docmind/aiservices/ChatService.java:[78,21] cannot find symbol
[ERROR]   symbol:   variable log
[ERROR]   location: class com.accenture.intern.docmind.aiservices.ChatService
[ERROR] /C:/Users/bunny/Downloads/hitesh/backend/src/main/java/com/accenture/intern/docmind/aiservices/ChatService.java:[88,25] cannot find symbol
[ERROR]   symbol:   variable log
[ERROR]   location: class com.accenture.intern.docmind.aiservices.ChatService
[ERROR] /C:/Users/bunny/Downloads/hitesh/backend/src/main/java/com/accenture/intern/docmind/aiservices/ChatService.java:[93,59] cannot find symbol
[ERROR]   symbol:   method builder()
[ERROR]   location: class com.accenture.intern.docmind.entity.Message
[ERROR] /C:/Users/bunny/Downloads/hitesh/backend/src/main/java/com/accenture/intern/docmind/aiservices/ChatService.java:[96,53] cannot find symbol
[ERROR]   symbol:   method getMessage()
[ERROR]   location: variable request of type com.accenture.intern.docmind.dto.chat.ChatRequest
[ERROR] /C:/Users/bunny/Downloads/hitesh/backend/src/main/java/com/accenture/intern/docmind/aiservices/ChatService.java:[101,34] incompatible types: reactor.core.publisher.Mono<java.lang.Object> cannot be converted to reactor.core.publisher.Mono<com.accenture.intern.docmind.entity.Message>
[ERROR] /C:/Users/bunny/Downloads/hitesh/backend/src/main/java/com/accenture/intern/docmind/aiservices/ChatService.java:[106,125] cannot find symbol
[ERROR]   symbol:   method getUser()
[ERROR]   location: variable session of type com.accenture.intern.docmind.entity.Session
[ERROR] /C:/Users/bunny/Downloads/hitesh/backend/src/main/java/com/accenture/intern/docmind/aiservices/ChatService.java:[106,144] cannot find symbol
[ERROR]   symbol:   method getModel()
[ERROR]   location: variable request of type com.accenture.intern.docmind.dto.chat.ChatRequest
[ERROR] /C:/Users/bunny/Downloads/hitesh/backend/src/main/java/com/accenture/intern/docmind/aiservices/ChatService.java:[107,88] cannot find symbol
[ERROR]   symbol:   method getUser()
[ERROR]   location: variable session of type com.accenture.intern.docmind.entity.Session
[ERROR] /C:/Users/bunny/Downloads/hitesh/backend/src/main/java/com/accenture/intern/docmind/aiservices/ChatService.java:[111,36] cannot find symbol
[ERROR]   symbol:   variable log
[ERROR]   location: class com.accenture.intern.docmind.aiservices.ChatService
[ERROR] /C:/Users/bunny/Downloads/hitesh/backend/src/main/java/com/accenture/intern/docmind/aiservices/ChatService.java:[124,37] cannot find symbol
[ERROR]   symbol:   variable log
[ERROR]   location: class com.accenture.intern.docmind.aiservices.ChatService
[ERROR] /C:/Users/bunny/Downloads/hitesh/backend/src/main/java/com/accenture/intern/docmind/aiservices/ChatService.java:[129,33] cannot find symbol
[ERROR]   symbol:   variable log
[ERROR]   location: class com.accenture.intern.docmind.aiservices.ChatService
[ERROR] /C:/Users/bunny/Downloads/hitesh/backend/src/main/java/com/accenture/intern/docmind/aiservices/ChatService.java:[130,110] cannot find symbol
[ERROR]   symbol:   method builder()
[ERROR]   location: class com.accenture.intern.docmind.entity.Message
[ERROR] /C:/Users/bunny/Downloads/hitesh/backend/src/main/java/com/accenture/intern/docmind/aiservices/ChatService.java:[142,110] cannot find symbol
[ERROR]   symbol:   method getMessage()
[ERROR]   location: variable request of type com.accenture.intern.docmind.dto.chat.ChatRequest
[ERROR] /C:/Users/bunny/Downloads/hitesh/backend/src/main/java/com/accenture/intern/docmind/aiservices/ChatService.java:[147,53] cannot find symbol
[ERROR]   symbol:   variable log
[ERROR]   location: class com.accenture.intern.docmind.aiservices.ChatService
[ERROR] /C:/Users/bunny/Downloads/hitesh/backend/src/main/java/com/accenture/intern/docmind/aiservices/ChatService.java:[148,92] cannot find symbol
[ERROR]   symbol:   method getMessage()
[ERROR]   location: variable request of type com.accenture.intern.docmind.dto.chat.ChatRequest
[ERROR] /C:/Users/bunny/Downloads/hitesh/backend/src/main/java/com/accenture/intern/docmind/aiservices/ChatService.java:[151,93] cannot find symbol
[ERROR]   symbol:   method getMessageId()
[ERROR]   location: variable saved of type java.lang.Object
[ERROR] /C:/Users/bunny/Downloads/hitesh/backend/src/main/java/com/accenture/intern/docmind/aiservices/ChatService.java:[156,53] cannot find symbol
[ERROR]   symbol:   variable log
[ERROR]   location: class com.accenture.intern.docmind.aiservices.ChatService
[ERROR] /C:/Users/bunny/Downloads/hitesh/backend/src/main/java/com/accenture/intern/docmind/aiservices/ChatService.java:[160,60] cannot find symbol
[ERROR]   symbol:   variable log
[ERROR]   location: class com.accenture.intern.docmind.aiservices.ChatService
[ERROR] /C:/Users/bunny/Downloads/hitesh/backend/src/main/java/com/accenture/intern/docmind/aiservices/ChatService.java:[166,33] cannot find symbol
[ERROR]   symbol:   variable log
[ERROR]   location: class com.accenture.intern.docmind.aiservices.ChatService
[ERROR] /C:/Users/bunny/Downloads/hitesh/backend/src/main/java/com/accenture/intern/docmind/aiservices/ChatService.java:[167,110] cannot find symbol
[ERROR]   symbol:   method builder()
[ERROR]   location: class com.accenture.intern.docmind.entity.Message
[ERROR] /C:/Users/bunny/Downloads/hitesh/backend/src/main/java/com/accenture/intern/docmind/aiservices/ChatService.java:[192,21] cannot find symbol
[ERROR]   symbol:   variable log
[ERROR]   location: class com.accenture.intern.docmind.aiservices.ChatService
[ERROR] /C:/Users/bunny/Downloads/hitesh/backend/src/main/java/com/accenture/intern/docmind/aiservices/ContextBuilderService.java:[90,21] cannot find symbol
[ERROR]   symbol:   variable log
[ERROR]   location: class com.accenture.intern.docmind.aiservices.ContextBuilderService
[ERROR] /C:/Users/bunny/Downloads/hitesh/backend/src/main/java/com/accenture/intern/docmind/aiservices/ContextBuilderService.java:[113,21] cannot find symbol
[ERROR]   symbol:   variable log
[ERROR]   location: class com.accenture.intern.docmind.aiservices.ContextBuilderService
[ERROR] /C:/Users/bunny/Downloads/hitesh/backend/src/main/java/com/accenture/intern/docmind/aiservices/ContextBuilderService.java:[130,25] cannot find symbol
[ERROR]   symbol:   variable log
[ERROR]   location: class com.accenture.intern.docmind.aiservices.ContextBuilderService
[ERROR] /C:/Users/bunny/Downloads/hitesh/backend/src/main/java/com/accenture/intern/docmind/aiservices/ContextBuilderService.java:[137,25] cannot find symbol
[ERROR]   symbol:   variable log
[ERROR]   location: class com.accenture.intern.docmind.aiservices.ContextBuilderService
[ERROR] /C:/Users/bunny/Downloads/hitesh/backend/src/main/java/com/accenture/intern/docmind/aiservices/ContextBuilderService.java:[147,21] cannot find symbol
[ERROR]   symbol:   variable log
[ERROR]   location: class com.accenture.intern.docmind.aiservices.ContextBuilderService
[ERROR] /C:/Users/bunny/Downloads/hitesh/backend/src/main/java/com/accenture/intern/docmind/aiservices/ContextBuilderService.java:[149,21] cannot find symbol
[ERROR]   symbol:   variable log
[ERROR]   location: class com.accenture.intern.docmind.aiservices.ContextBuilderService
[ERROR] /C:/Users/bunny/Downloads/hitesh/backend/src/main/java/com/accenture/intern/docmind/aiservices/ContextBuilderService.java:[164,30] cannot find symbol
[ERROR]   symbol:   method getRole()
[ERROR]   location: variable m of type com.accenture.intern.docmind.entity.Message
[ERROR] /C:/Users/bunny/Downloads/hitesh/backend/src/main/java/com/accenture/intern/docmind/aiservices/ContextBuilderService.java:[164,70] cannot find symbol
[ERROR]   symbol:   method getMessageId()
[ERROR]   location: variable m of type com.accenture.intern.docmind.entity.Message
[ERROR] /C:/Users/bunny/Downloads/hitesh/backend/src/main/java/com/accenture/intern/docmind/aiservices/ContextBuilderService.java:[165,53] cannot find symbol
[ERROR]   symbol:   method getMessageId()
[ERROR]   location: variable m of type com.accenture.intern.docmind.entity.Message
[ERROR] /C:/Users/bunny/Downloads/hitesh/backend/src/main/java/com/accenture/intern/docmind/aiservices/ContextBuilderService.java:[180,29] cannot find symbol
[ERROR]   symbol:   variable log
[ERROR]   location: class com.accenture.intern.docmind.aiservices.ContextBuilderService
[ERROR] /C:/Users/bunny/Downloads/hitesh/backend/src/main/java/com/accenture/intern/docmind/aiservices/ContextBuilderService.java:[227,40] cannot find symbol
[ERROR]   symbol:   method getRole()
[ERROR]   location: variable m of type com.accenture.intern.docmind.entity.Message
[ERROR] /C:/Users/bunny/Downloads/hitesh/backend/src/main/java/com/accenture/intern/docmind/aiservices/ContextBuilderService.java:[228,43] cannot find symbol
[ERROR]   symbol:   method getContent()
[ERROR]   location: variable m of type com.accenture.intern.docmind.entity.Message
[ERROR] /C:/Users/bunny/Downloads/hitesh/backend/src/main/java/com/accenture/intern/docmind/aiservices/ContextBuilderService.java:[228,73] cannot find symbol
[ERROR]   symbol:   method getContent()
[ERROR]   location: variable m of type com.accenture.intern.docmind.entity.Message
[ERROR] /C:/Users/bunny/Downloads/hitesh/backend/src/main/java/com/accenture/intern/docmind/aiservices/ContextBuilderService.java:[236,21] cannot find symbol
[ERROR]   symbol:   variable log
[ERROR]   location: class com.accenture.intern.docmind.aiservices.ContextBuilderService
[ERROR] /C:/Users/bunny/Downloads/hitesh/backend/src/main/java/com/accenture/intern/docmind/aiservices/ContextBuilderService.java:[243,21] cannot find symbol
[ERROR]   symbol:   variable log
[ERROR]   location: class com.accenture.intern.docmind.aiservices.ContextBuilderService
[ERROR] /C:/Users/bunny/Downloads/hitesh/backend/src/main/java/com/accenture/intern/docmind/aiservices/ModelFactory.java:[28,41] cannot find symbol
[ERROR]   symbol:   method getModelName()
[ERROR]   location: variable pref of type com.accenture.intern.docmind.entity.UserPreference
[ERROR] /C:/Users/bunny/Downloads/hitesh/backend/src/main/java/com/accenture/intern/docmind/aiservices/ModelFactory.java:[29,42] cannot find symbol
[ERROR]   symbol:   method getModelName()
[ERROR]   location: variable pref of type com.accenture.intern.docmind.entity.UserPreference
[ERROR] /C:/Users/bunny/Downloads/hitesh/backend/src/main/java/com/accenture/intern/docmind/aiservices/ModelFactory.java:[32,40] cannot find symbol
[ERROR]   symbol:   method getModelName()
[ERROR]   location: variable pref of type com.accenture.intern.docmind.entity.UserPreference
[ERROR] /C:/Users/bunny/Downloads/hitesh/backend/src/main/java/com/accenture/intern/docmind/aiservices/ModelFactory.java:[33,34] cannot find symbol
[ERROR]   symbol:   method getModelName()
[ERROR]   location: variable pref of type com.accenture.intern.docmind.entity.UserPreference
[ERROR] /C:/Users/bunny/Downloads/hitesh/backend/src/main/java/com/accenture/intern/docmind/aiservices/ModelFactory.java:[36,33] cannot find symbol
[ERROR]   symbol:   method getTemperature()
[ERROR]   location: variable pref of type com.accenture.intern.docmind.entity.UserPreference
[ERROR] /C:/Users/bunny/Downloads/hitesh/backend/src/main/java/com/accenture/intern/docmind/aiservices/ModelFactory.java:[37,40] cannot find symbol
[ERROR]   symbol:   method getTemperature()
[ERROR]   location: variable pref of type com.accenture.intern.docmind.entity.UserPreference
[ERROR] /C:/Users/bunny/Downloads/hitesh/backend/src/main/java/com/accenture/intern/docmind/aiservices/ModelFactory.java:[47,33] cannot find symbol
[ERROR]   symbol:   method getResponseStyle()
[ERROR]   location: variable pref of type com.accenture.intern.docmind.entity.UserPreference
[ERROR] /C:/Users/bunny/Downloads/hitesh/backend/src/main/java/com/accenture/intern/docmind/aiservices/ModelFactory.java:[48,51] cannot find symbol
[ERROR]   symbol:   method getResponseStyle()
[ERROR]   location: variable pref of type com.accenture.intern.docmind.entity.UserPreference
[ERROR] /C:/Users/bunny/Downloads/hitesh/backend/src/main/java/com/accenture/intern/docmind/aiservices/SuggestedQuestionsService.java:[140,29] cannot find symbol
[ERROR]   symbol:   variable log
[ERROR]   location: class com.accenture.intern.docmind.aiservices.SuggestedQuestionsService
[ERROR] /C:/Users/bunny/Downloads/hitesh/backend/src/main/java/com/accenture/intern/docmind/aiservices/SuggestedQuestionsService.java:[189,28] cannot find symbol
[ERROR]   symbol:   method getRole()
[ERROR]   location: variable m of type com.accenture.intern.docmind.entity.Message
[ERROR] /C:/Users/bunny/Downloads/hitesh/backend/src/main/java/com/accenture/intern/docmind/aiservices/SuggestedQuestionsService.java:[190,28] cannot find symbol
[ERROR]   symbol:   method getContent()
[ERROR]   location: variable m of type com.accenture.intern.docmind.entity.Message
[ERROR] /C:/Users/bunny/Downloads/hitesh/backend/src/main/java/com/accenture/intern/docmind/aiservices/SuggestedQuestionsService.java:[190,58] cannot find symbol
[ERROR]   symbol:   method getContent()
[ERROR]   location: variable m of type com.accenture.intern.docmind.entity.Message
[ERROR] /C:/Users/bunny/Downloads/hitesh/backend/src/main/java/com/accenture/intern/docmind/aiservices/SuggestedQuestionsService.java:[221,33] cannot find symbol
[ERROR]   symbol:   variable log
[ERROR]   location: class com.accenture.intern.docmind.aiservices.SuggestedQuestionsService
[ERROR] /C:/Users/bunny/Downloads/hitesh/backend/src/main/java/com/accenture/intern/docmind/aiservices/SuggestedQuestionsService.java:[223,21] cannot find symbol
[ERROR]   symbol:   variable log
[ERROR]   location: class com.accenture.intern.docmind.aiservices.SuggestedQuestionsService
[ERROR] /C:/Users/bunny/Downloads/hitesh/backend/src/main/java/com/accenture/intern/docmind/aiservices/MemoryGatingService.java:[35,13] cannot find symbol
[ERROR]   symbol:   variable log
[ERROR]   location: class com.accenture.intern.docmind.aiservices.MemoryGatingService
[ERROR] /C:/Users/bunny/Downloads/hitesh/backend/src/main/java/com/accenture/intern/docmind/aiservices/MemoryGatingService.java:[39,13] cannot find symbol
[ERROR]   symbol:   variable log
[ERROR]   location: class com.accenture.intern.docmind.aiservices.MemoryGatingService
[ERROR] /C:/Users/bunny/Downloads/hitesh/backend/src/main/java/com/accenture/intern/docmind/aiservices/HybridRetrievalService.java:[154,21] cannot find symbol
[ERROR]   symbol:   variable log
[ERROR]   location: class com.accenture.intern.docmind.aiservices.HybridRetrievalService
[ERROR] /C:/Users/bunny/Downloads/hitesh/backend/src/main/java/com/accenture/intern/docmind/aiservices/HybridRetrievalService.java:[161,37] cannot find symbol
[ERROR]   symbol:   variable log
[ERROR]   location: class com.accenture.intern.docmind.aiservices.HybridRetrievalService
[ERROR] /C:/Users/bunny/Downloads/hitesh/backend/src/main/java/com/accenture/intern/docmind/aiservices/HybridRetrievalService.java:[231,25] cannot find symbol
[ERROR]   symbol:   variable log
[ERROR]   location: class com.accenture.intern.docmind.aiservices.HybridRetrievalService
[ERROR] /C:/Users/bunny/Downloads/hitesh/backend/src/main/java/com/accenture/intern/docmind/aiservices/HybridRetrievalService.java:[236,25] cannot find symbol
[ERROR]   symbol:   variable log
[ERROR]   location: class com.accenture.intern.docmind.aiservices.HybridRetrievalService
[ERROR] /C:/Users/bunny/Downloads/hitesh/backend/src/main/java/com/accenture/intern/docmind/aiservices/HybridRetrievalService.java:[273,21] cannot find symbol
[ERROR]   symbol:   variable log
[ERROR]   location: class com.accenture.intern.docmind.aiservices.HybridRetrievalService
[ERROR] /C:/Users/bunny/Downloads/hitesh/backend/src/main/java/com/accenture/intern/docmind/aiservices/HybridRetrievalService.java:[280,35] cannot find symbol
[ERROR]   symbol:   variable log
[ERROR]   location: class com.accenture.intern.docmind.aiservices.HybridRetrievalService
[ERROR] /C:/Users/bunny/Downloads/hitesh/backend/src/main/java/com/accenture/intern/docmind/aiservices/HybridRetrievalService.java:[283,35] cannot find symbol
[ERROR]   symbol:   variable log
[ERROR]   location: class com.accenture.intern.docmind.aiservices.HybridRetrievalService
[ERROR] /C:/Users/bunny/Downloads/hitesh/backend/src/main/java/com/accenture/intern/docmind/aiservices/HybridRetrievalService.java:[293,21] cannot find symbol
[ERROR]   symbol:   variable log
[ERROR]   location: class com.accenture.intern.docmind.aiservices.HybridRetrievalService
[ERROR] /C:/Users/bunny/Downloads/hitesh/backend/src/main/java/com/accenture/intern/docmind/aiservices/HybridRetrievalService.java:[302,13] cannot find symbol
[ERROR]   symbol:   variable log
[ERROR]   location: class com.accenture.intern.docmind.aiservices.HybridRetrievalService
[ERROR] /C:/Users/bunny/Downloads/hitesh/backend/src/main/java/com/accenture/intern/docmind/aiservices/HybridRetrievalService.java:[312,21] cannot find symbol
[ERROR]   symbol:   variable log
[ERROR]   location: class com.accenture.intern.docmind.aiservices.HybridRetrievalService
[ERROR] /C:/Users/bunny/Downloads/hitesh/backend/src/main/java/com/accenture/intern/docmind/aiservices/HybridRetrievalService.java:[319,41] cannot find symbol
[ERROR]   symbol:   method getSourceName()
[ERROR]   location: variable chunk of type com.accenture.intern.docmind.entity.DocumentChunk
[ERROR] /C:/Users/bunny/Downloads/hitesh/backend/src/main/java/com/accenture/intern/docmind/aiservices/HybridRetrievalService.java:[320,41] cannot find symbol
[ERROR]   symbol:   method getSourceType()
[ERROR]   location: variable chunk of type com.accenture.intern.docmind.entity.DocumentChunk
[ERROR] /C:/Users/bunny/Downloads/hitesh/backend/src/main/java/com/accenture/intern/docmind/aiservices/HybridRetrievalService.java:[321,41] cannot find symbol
[ERROR]   symbol:   method getChunkIndex()
[ERROR]   location: variable chunk of type com.accenture.intern.docmind.entity.DocumentChunk
[ERROR] /C:/Users/bunny/Downloads/hitesh/backend/src/main/java/com/accenture/intern/docmind/aiservices/HybridRetrievalService.java:[321,77] cannot find symbol
[ERROR]   symbol:   method getChunkIndex()
[ERROR]   location: variable chunk of type com.accenture.intern.docmind.entity.DocumentChunk
[ERROR] /C:/Users/bunny/Downloads/hitesh/backend/src/main/java/com/accenture/intern/docmind/aiservices/HybridRetrievalService.java:[322,40] cannot find symbol
[ERROR]   symbol:   method getSessionId()
[ERROR]   location: variable chunk of type com.accenture.intern.docmind.entity.DocumentChunk
[ERROR] /C:/Users/bunny/Downloads/hitesh/backend/src/main/java/com/accenture/intern/docmind/aiservices/HybridRetrievalService.java:[324,18] cannot find symbol
[ERROR]   symbol:   method getImageUrl()
[ERROR]   location: variable chunk of type com.accenture.intern.docmind.entity.DocumentChunk
[ERROR] /C:/Users/bunny/Downloads/hitesh/backend/src/main/java/com/accenture/intern/docmind/aiservices/HybridRetrievalService.java:[324,50] cannot find symbol
[ERROR]   symbol:   method getImageUrl()
[ERROR]   location: variable chunk of type com.accenture.intern.docmind.entity.DocumentChunk
[ERROR] /C:/Users/bunny/Downloads/hitesh/backend/src/main/java/com/accenture/intern/docmind/aiservices/HybridRetrievalService.java:[325,43] cannot find symbol
[ERROR]   symbol:   method getImageUrl()
[ERROR]   location: variable chunk of type com.accenture.intern.docmind.entity.DocumentChunk
[ERROR] /C:/Users/bunny/Downloads/hitesh/backend/src/main/java/com/accenture/intern/docmind/aiservices/HybridRetrievalService.java:[328,34] cannot find symbol
[ERROR]   symbol:   method getVectorId()
[ERROR]   location: variable chunk of type com.accenture.intern.docmind.entity.DocumentChunk
[ERROR] /C:/Users/bunny/Downloads/hitesh/backend/src/main/java/com/accenture/intern/docmind/aiservices/HybridRetrievalService.java:[328,55] cannot find symbol
[ERROR]   symbol:   method getContent()
[ERROR]   location: variable chunk of type com.accenture.intern.docmind.entity.DocumentChunk
[ERROR] /C:/Users/bunny/Downloads/hitesh/backend/src/main/java/com/accenture/intern/docmind/aiservices/RerankService.java:[65,13] cannot find symbol
[ERROR]   symbol:   variable log
[ERROR]   location: class com.accenture.intern.docmind.aiservices.RerankService
[ERROR] /C:/Users/bunny/Downloads/hitesh/backend/src/main/java/com/accenture/intern/docmind/aiservices/RerankService.java:[89,13] cannot find symbol
[ERROR]   symbol:   variable log
[ERROR]   location: class com.accenture.intern.docmind.aiservices.RerankService
[ERROR] /C:/Users/bunny/Downloads/hitesh/backend/src/main/java/com/accenture/intern/docmind/aiservices/RerankService.java:[91,13] cannot find symbol
[ERROR]   symbol:   variable log
[ERROR]   location: class com.accenture.intern.docmind.aiservices.RerankService
[ERROR] /C:/Users/bunny/Downloads/hitesh/backend/src/main/java/com/accenture/intern/docmind/aiservices/RerankService.java:[105,13] cannot find symbol
[ERROR]   symbol:   variable log
[ERROR]   location: class com.accenture.intern.docmind.aiservices.RerankService
[ERROR] /C:/Users/bunny/Downloads/hitesh/backend/src/main/java/com/accenture/intern/docmind/aiservices/RerankService.java:[194,13] cannot find symbol
[ERROR]   symbol:   variable log
[ERROR]   location: class com.accenture.intern.docmind.aiservices.RerankService
[ERROR] /C:/Users/bunny/Downloads/hitesh/backend/src/main/java/com/accenture/intern/docmind/aiservices/RerankService.java:[196,17] cannot find symbol
[ERROR]   symbol:   variable log
[ERROR]   location: class com.accenture.intern.docmind.aiservices.RerankService
[ERROR] /C:/Users/bunny/Downloads/hitesh/backend/src/main/java/com/accenture/intern/docmind/aiservices/RerankService.java:[215,17] cannot find symbol
[ERROR]   symbol:   variable log
[ERROR]   location: class com.accenture.intern.docmind.aiservices.RerankService
[ERROR] /C:/Users/bunny/Downloads/hitesh/backend/src/main/java/com/accenture/intern/docmind/aiservices/RerankService.java:[225,13] cannot find symbol
[ERROR]   symbol:   variable log
[ERROR]   location: class com.accenture.intern.docmind.aiservices.RerankService
[ERROR] /C:/Users/bunny/Downloads/hitesh/backend/src/main/java/com/accenture/intern/docmind/aiservices/RerankService.java:[230,13] cannot find symbol
[ERROR]   symbol:   variable log
[ERROR]   location: class com.accenture.intern.docmind.aiservices.RerankService
[ERROR] /C:/Users/bunny/Downloads/hitesh/backend/src/main/java/com/accenture/intern/docmind/aiservices/RoutingService.java:[78,25] cannot find symbol
[ERROR]   symbol:   variable log
[ERROR]   location: class com.accenture.intern.docmind.aiservices.RoutingService
[ERROR] /C:/Users/bunny/Downloads/hitesh/backend/src/main/java/com/accenture/intern/docmind/aiservices/RoutingService.java:[86,25] cannot find symbol
[ERROR]   symbol:   variable log
[ERROR]   location: class com.accenture.intern.docmind.aiservices.RoutingService
[ERROR] /C:/Users/bunny/Downloads/hitesh/backend/src/main/java/com/accenture/intern/docmind/aiservices/RoutingService.java:[93,25] cannot find symbol
[ERROR]   symbol:   variable log
[ERROR]   location: class com.accenture.intern.docmind.aiservices.RoutingService
[ERROR] /C:/Users/bunny/Downloads/hitesh/backend/src/main/java/com/accenture/intern/docmind/aiservices/RoutingService.java:[99,55] cannot find symbol
[ERROR]   symbol:   variable log
[ERROR]   location: class com.accenture.intern.docmind.aiservices.RoutingService
[ERROR] /C:/Users/bunny/Downloads/hitesh/backend/src/main/java/com/accenture/intern/docmind/aiservices/RoutingService.java:[285,42] cannot find symbol
[ERROR]   symbol:   variable log
[ERROR]   location: class com.accenture.intern.docmind.aiservices.RoutingService
[ERROR] /C:/Users/bunny/Downloads/hitesh/backend/src/main/java/com/accenture/intern/docmind/aiservices/RoutingService.java:[305,33] cannot find symbol
[ERROR]   symbol:   variable log
[ERROR]   location: class com.accenture.intern.docmind.aiservices.RoutingService
[ERROR] /C:/Users/bunny/Downloads/hitesh/backend/src/main/java/com/accenture/intern/docmind/aiservices/RoutingService.java:[334,25] cannot find symbol
[ERROR]   symbol:   variable log
[ERROR]   location: class com.accenture.intern.docmind.aiservices.RoutingService
[ERROR] /C:/Users/bunny/Downloads/hitesh/backend/src/main/java/com/accenture/intern/docmind/aiservices/RoutingService.java:[342,25] cannot find symbol
[ERROR]   symbol:   variable log
[ERROR]   location: class com.accenture.intern.docmind.aiservices.RoutingService
[ERROR] /C:/Users/bunny/Downloads/hitesh/backend/src/main/java/com/accenture/intern/docmind/aiservices/RoutingService.java:[352,25] cannot find symbol
[ERROR]   symbol:   variable log
[ERROR]   location: class com.accenture.intern.docmind.aiservices.RoutingService
[ERROR] /C:/Users/bunny/Downloads/hitesh/backend/src/main/java/com/accenture/intern/docmind/aiservices/RoutingService.java:[360,17] cannot find symbol
[ERROR]   symbol:   variable log
[ERROR]   location: class com.accenture.intern.docmind.aiservices.RoutingService
[ERROR] /C:/Users/bunny/Downloads/hitesh/backend/src/main/java/com/accenture/intern/docmind/aiservices/RetrievalOrchestrator.java:[133,9] cannot find symbol
[ERROR]   symbol:   variable log
[ERROR]   location: class com.accenture.intern.docmind.aiservices.RetrievalOrchestrator
[ERROR] /C:/Users/bunny/Downloads/hitesh/backend/src/main/java/com/accenture/intern/docmind/aiservices/RetrievalOrchestrator.java:[171,13] cannot find symbol
[ERROR]   symbol:   variable log
[ERROR]   location: class com.accenture.intern.docmind.aiservices.RetrievalOrchestrator
[ERROR] /C:/Users/bunny/Downloads/hitesh/backend/src/main/java/com/accenture/intern/docmind/aiservices/RetrievalOrchestrator.java:[176,9] cannot find symbol
[ERROR]   symbol:   variable log
[ERROR]   location: class com.accenture.intern.docmind.aiservices.RetrievalOrchestrator
[ERROR] /C:/Users/bunny/Downloads/hitesh/backend/src/main/java/com/accenture/intern/docmind/aiservices/RetrievalOrchestrator.java:[202,29] cannot find symbol
[ERROR]   symbol:   variable log
[ERROR]   location: class com.accenture.intern.docmind.aiservices.RetrievalOrchestrator
[ERROR] /C:/Users/bunny/Downloads/hitesh/backend/src/main/java/com/accenture/intern/docmind/aiservices/RetrievalOrchestrator.java:[206,29] cannot find symbol
[ERROR]   symbol:   variable log
[ERROR]   location: class com.accenture.intern.docmind.aiservices.RetrievalOrchestrator
[ERROR] /C:/Users/bunny/Downloads/hitesh/backend/src/main/java/com/accenture/intern/docmind/aiservices/RetrievalOrchestrator.java:[223,41] cannot find symbol
[ERROR]   symbol:   variable log
[ERROR]   location: class com.accenture.intern.docmind.aiservices.RetrievalOrchestrator
[ERROR] /C:/Users/bunny/Downloads/hitesh/backend/src/main/java/com/accenture/intern/docmind/aiservices/RetrievalOrchestrator.java:[266,21] cannot find symbol
[ERROR]   symbol:   variable log
[ERROR]   location: class com.accenture.intern.docmind.aiservices.RetrievalOrchestrator
[ERROR] -> [Help 1]
[ERROR] 
[ERROR] To see the full stack trace of the errors, re-run Maven with the -e switch.
[ERROR] Re-run Maven using the -X switch to enable full debug logging.
[ERROR] 
[ERROR] For more information about the errors and possible solutions, please read the following articles:
[ERROR] [Help 1] http://cwiki.apache.org/confluence/display/MAVEN/MojoFailureException
